[0m14:08:14.685618 [debug] [MainThread]: Sending event: {'category': 'dbt', 'action': 'invocation', 'label': 'start', 'context': [<snowplow_tracker.self_describing_json.SelfDescribingJson object at 0x000002D1796F7430>, <snowplow_tracker.self_describing_json.SelfDescribingJson object at 0x000002D17BEC7700>, <snowplow_tracker.self_describing_json.SelfDescribingJson object at 0x000002D17BEC74F0>]}


============================== 14:08:14.685618 | d66ea311-55f4-4204-962e-a92404611148 ==============================
[0m14:08:14.685618 [info ] [MainThread]: Running with dbt=1.12.4
[0m14:08:14.685618 [debug] [MainThread]: running dbt with arguments {'version_check': 'True', 'no_print': 'None', 'static_parser': 'True', 'warn_error_options': 'WarnErrorOptionsV2(error=[], warn=[], silence=[])', 'maximum_seed_size_mib': '1', 'target_path': 'None', 'printer_width': '80', 'write_json': 'True', 'introspect': 'True', 'log_cache_events': 'False', 'empty': 'None', 'cache_selected_only': 'False', 'fail_fast': 'False', 'debug': 'False', 'log_format': 'default', 'partial_parse': 'True', 'send_anonymous_usage_stats': 'True', 'quiet': 'False', 'warn_error': 'None', 'profiles_dir': '../', 'use_colors': 'True', 'hints_enabled': 'True', 'invocation_command': 'dbt init', 'use_experimental_parser': 'False', 'indirect_selection': 'eager', 'log_path': 'logs'}
[0m14:08:59.285222 [debug] [MainThread]: Starter project path: C:\Projetos\dw-tasks\.venv\lib\site-packages\dbt\include\starter_project
[0m14:08:59.332730 [info ] [MainThread]: Setting up your profile.
[0m14:10:55.128904 [info ] [MainThread]: Profile datawarehouse written to ..\profiles.yml using target's profile_template.yml and your supplied values.
[0m14:10:55.138434 [info ] [MainThread]: Running dbt debug to validate the project...
[0m14:10:55.142150 [info ] [MainThread]: dbt version: 1.12.4
[0m14:10:55.142736 [info ] [MainThread]: python version: 3.10.10
[0m14:10:55.143748 [info ] [MainThread]: python path: C:\Projetos\dw-tasks\.venv\Scripts\python.exe
[0m14:10:55.144865 [info ] [MainThread]: os info: Windows-10-10.0.26200-SP0
[0m14:10:55.172643 [info ] [MainThread]: Using profiles dir at ../
[0m14:10:55.173646 [info ] [MainThread]: Using profiles.yml file at ../profiles.yml
[0m14:10:55.173646 [info ] [MainThread]: Using dbt_project.yml file at C:\Projetos\dw-tasks\datawarehouse\dbt_project.yml
[0m14:10:55.174616 [info ] [MainThread]: adapter type: postgres
[0m14:10:55.175282 [info ] [MainThread]: adapter version: 1.11.0
[0m14:10:55.268905 [info ] [MainThread]: Configuration:
[0m14:10:55.268905 [info ] [MainThread]:   profiles.yml file [[32mOK found and valid[0m]
[0m14:10:55.268905 [info ] [MainThread]:   dbt_project.yml file [[32mOK found and valid[0m]
[0m14:10:55.268905 [info ] [MainThread]: Required dependencies:
[0m14:10:55.268905 [debug] [MainThread]: Executing "git --help"
[0m14:10:55.307339 [debug] [MainThread]: STDOUT: "b"usage: git [-v | --version] [-h | --help] [-C <path>] [-c <name>=<value>]\n           [--exec-path[=<path>]] [--html-path] [--man-path] [--info-path]\n           [-p | --paginate | -P | --no-pager] [--no-replace-objects] [--no-lazy-fetch]\n           [--no-optional-locks] [--no-advice] [--bare] [--git-dir=<path>]\n           [--work-tree=<path>] [--namespace=<name>] [--config-env=<name>=<envvar>]\n           <command> [<args>]\n\nThese are common Git commands used in various situations:\n\nstart a working area (see also: git help tutorial)\n   clone      Clone a repository into a new directory\n   init       Create an empty Git repository or reinitialize an existing one\n\nwork on the current change (see also: git help everyday)\n   add        Add file contents to the index\n   mv         Move or rename a file, a directory, or a symlink\n   restore    Restore working tree files\n   rm         Remove files from the working tree and from the index\n\nexamine the history and state (see also: git help revisions)\n   bisect     Use binary search to find the commit that introduced a bug\n   diff       Show changes between commits, commit and working tree, etc\n   grep       Print lines matching a pattern\n   log        Show commit logs\n   show       Show various types of objects\n   status     Show the working tree status\n\ngrow, mark and tweak your common history\n   backfill   Download missing objects in a partial clone\n   branch     List, create, or delete branches\n   commit     Record changes to the repository\n   history    EXPERIMENTAL: Rewrite history\n   merge      Join two or more development histories together\n   rebase     Reapply commits on top of another base tip\n   reset      Set `HEAD` or the index to a known state\n   switch     Switch branches\n   tag        Create, list, delete or verify tags\n\ncollaborate (see also: git help workflows)\n   fetch      Download objects and refs from another repository\n   pull       Fetch from and integrate with another repository or a local branch\n   push       Update remote refs along with associated objects\n\n'git help -a' and 'git help -g' list available subcommands and some\nconcept guides. See 'git help <command>' or 'git help <concept>'\nto read about a specific subcommand or concept.\nSee 'git help git' for an overview of the system.\n""
[0m14:10:55.307339 [debug] [MainThread]: STDERR: "b''"
[0m14:10:55.323392 [info ] [MainThread]:  - git [[32mOK found[0m]

[0m14:10:55.323392 [info ] [MainThread]: Connection:
[0m14:10:55.323392 [info ] [MainThread]:   host: dbsales.cbwoeogoaqzm.us-east-2.rds.amazonaws.com
[0m14:10:55.323392 [info ] [MainThread]:   port: 5432
[0m14:10:55.323392 [info ] [MainThread]:   user: postgres
[0m14:10:55.323392 [info ] [MainThread]:   database: postgres
[0m14:10:55.323392 [info ] [MainThread]:   schema: public
[0m14:10:55.323392 [info ] [MainThread]:   connect_timeout: 10
[0m14:10:55.323392 [info ] [MainThread]:   role: None
[0m14:10:55.323392 [info ] [MainThread]:   search_path: None
[0m14:10:55.323392 [info ] [MainThread]:   keepalives_idle: 0
[0m14:10:55.323392 [info ] [MainThread]:   sslmode: None
[0m14:10:55.323392 [info ] [MainThread]:   sslcert: None
[0m14:10:55.329530 [info ] [MainThread]:   sslkey: None
[0m14:10:55.329530 [info ] [MainThread]:   sslrootcert: None
[0m14:10:55.330484 [info ] [MainThread]:   application_name: dbt
[0m14:10:55.331435 [info ] [MainThread]:   autocommit: False
[0m14:10:55.332480 [info ] [MainThread]:   retries: 1
[0m14:10:55.332480 [info ] [MainThread]: Registered adapter: postgres=1.11.0
[0m14:10:55.487389 [debug] [MainThread]: Acquiring new postgres connection 'debug'
[0m14:10:55.566335 [debug] [MainThread]: Using postgres connection "debug"
[0m14:10:55.566335 [debug] [MainThread]: On debug: select 1 as id
[0m14:10:55.566335 [debug] [MainThread]: Opening a new connection, currently in state init
[0m14:10:57.267397 [debug] [MainThread]: SQL status: SELECT 1 in 1.697 seconds
[0m14:10:57.269404 [debug] [MainThread]: On debug: Close
[0m14:10:57.269404 [info ] [MainThread]:   Connection test: [[32mOK connection ok[0m]

[0m14:10:57.270917 [info ] [MainThread]: [32mAll checks passed![0m
[0m14:10:57.270917 [info ] [MainThread]: Your new dbt project "datawarehouse" was created!
Initialized new project in C:\Projetos\dw-tasks\datawarehouse\datawarehouse

For more information on how to configure the profiles.yml file,
please consult the dbt documentation here:

  https://docs.getdbt.com/docs/configure-your-profile

One more thing:

Need help? Don't hesitate to reach out to us via GitHub issues or on Slack:

  https://community.getdbt.com/

Happy modeling!

[0m14:10:57.273220 [debug] [MainThread]: Command `dbt init` succeeded at 14:10:57.273220 after 162.70 seconds
[0m14:10:57.273220 [debug] [MainThread]: Connection 'debug' was properly closed.
[0m14:10:57.273220 [debug] [MainThread]: Sending event: {'category': 'dbt', 'action': 'invocation', 'label': 'end', 'context': [<snowplow_tracker.self_describing_json.SelfDescribingJson object at 0x000002D1796F7430>, <snowplow_tracker.self_describing_json.SelfDescribingJson object at 0x000002D17BEC7400>, <snowplow_tracker.self_describing_json.SelfDescribingJson object at 0x000002D17BEC7D60>]}
[0m14:10:57.273220 [debug] [MainThread]: Flushing usage events
[0m14:10:58.044012 [debug] [MainThread]: An error was encountered while trying to flush usage events
